// Vitest Snapshot v1, https://vitest.dev/guide/snapshot.html

exports[`ReferencesDrawer > renders references and closes on escape 1`] = `
<DocumentFragment>
  <aside
    aria-labelledby="references-heading"
    aria-live="polite"
    class="acx-card flex h-full flex-col gap-[var(--gap-1)] bg-slate-950/60 shadow-lg shadow-slate-900/40"
    id="references"
  >
    <div
      class="flex items-center justify-between gap-[var(--gap-0)]"
    >
      <p
        class="text-[10px] font-semibold uppercase tracking-[0.3em] text-slate-300"
        id="references-heading"
      >
        References
      </p>
      <button
        aria-controls="references-content"
        aria-expanded="true"
        class="inline-flex h-9 w-9 min-h-[32px] min-w-[32px] items-center justify-center rounded-full border border-slate-600 text-slate-100 transition hover:border-slate-400 focus-visible:outline focus-visible:outline-2 focus-visible:outline-offset-2 focus-visible:outline-sky-500"
        type="button"
      >
        <span
          class="sr-only"
        >
          Collapse references
        </span>
        <svg
          aria-hidden="true"
          class="h-3 w-3 transition-transform rotate-180 text-sky-300"
          fill="currentColor"
          viewBox="0 0 12 12"
        >
          <path
            d="M6 8.5a1 1 0 0 1-.707-.293l-4-4A1 1 0 0 1 2.707 3.793L6 7.086l3.293-3.293a1 1 0 0 1 1.414 1.414l-4 4A1 1 0 0 1 6 8.5Z"
          />
        </svg>
      </button>
    </div>
    <p
      class="text-compact text-slate-400"
    >
      Primary sources supporting the figures. Press 
      <kbd
        class="rounded bg-slate-800 px-1"
      >
        Esc
      </kbd>
       to close.
    </p>
    <section
      class="rounded-xl border border-slate-800/70 bg-slate-950/50 p-[calc(var(--gap-1)*0.8)] shadow-inner shadow-slate-950/40"
    >
      <header
        class="flex items-center justify-between gap-[var(--gap-0)]"
      >
        <p
          class="text-[10px] font-semibold uppercase tracking-[0.3em] text-slate-300"
        >
          Scenario manifest
        </p>
        <button
          class="inline-flex items-center gap-2 rounded-md border border-sky-500/50 bg-sky-500/10 px-3 py-1.5 text-[10px] font-semibold uppercase tracking-[0.28em] text-sky-100 transition hover:bg-sky-500/15 focus-visible:outline focus-visible:outline-2 focus-visible:outline-offset-2 focus-visible:outline-sky-500"
          data-testid="scenario-manifest-copy"
          type="button"
        >
          Copy JSON
        </button>
      </header>
      <p
        class="mt-[calc(var(--gap-0)*0.6)] text-[11px] text-slate-400"
        data-testid="scenario-manifest-summary"
      >
        <span
          class="font-semibold text-slate-200"
        >
          What changed:
        </span>
         Defaults retained • 0 active rows • 0 sources
      </p>
      <div
        class="mt-[calc(var(--gap-0)*0.8)] rounded-lg border border-slate-800/60 bg-slate-950/70 p-[calc(var(--gap-0)*0.8)]"
      >
        <pre
          class="max-h-48 overflow-auto whitespace-pre-wrap break-words text-[11px] leading-relaxed text-slate-200"
        >
          <code
            data-testid="scenario-manifest-json"
          >
            {
  "selected_rows": [],
  "source_ids": [],
  "scenario_hash": "e0fadea9"
}
          </code>
        </pre>
      </div>
    </section>
    <div
      class="flex-1 overflow-y-auto rounded-xl border border-slate-800/60 bg-slate-950/30 p-[var(--gap-1)] text-compact text-slate-300"
      id="references-content"
    >
      <ol
        aria-label="Reference list"
        class="space-y-[var(--gap-1)]"
      >
        <li
          class="rounded-lg border border-slate-800/70 bg-slate-950/60 pad-compact text-left shadow-inner shadow-slate-900/30"
        >
          <span
            class="block text-[11px] uppercase tracking-[0.3em] text-sky-400"
          >
            [1]
          </span>
          <p
            class="mt-1 text-compact text-slate-200"
          >
            First reference.
          </p>
        </li>
        <li
          class="rounded-lg border border-slate-800/70 bg-slate-950/60 pad-compact text-left shadow-inner shadow-slate-900/30"
        >
          <span
            class="block text-[11px] uppercase tracking-[0.3em] text-sky-400"
          >
            [2]
          </span>
          <p
            class="mt-1 text-compact text-slate-200"
          >
            Second reference.
          </p>
        </li>
      </ol>
    </div>
  </aside>
</DocumentFragment>
`;
